================================================================================
XLM-R Baseline
================================================================================
Some weights of XLMRobertaForTokenClassification were not initialized from the model checkpoint at xlm-roberta-base and are newly initialized: ['classifier.bias', 'classifier.weight']
You should probably TRAIN this model on a down-stream task to be able to use it for predictions and inference.
TRAINING SET: eriktks/conll2003
Some weights of XLMRobertaForTokenClassification were not initialized from the model checkpoint at xlm-roberta-base and are newly initialized: ['classifier.bias', 'classifier.weight']
You should probably TRAIN this model on a down-stream task to be able to use it for predictions and inference.
{'loss': 0.3487, 'grad_norm': 5.200150012969971, 'learning_rate': 4.924069855732726e-05, 'epoch': 0.5694760820045558}
{'eval_loss': 0.05660238116979599, 'eval_precision': 0.9087157477715417, 'eval_recall': 0.926455738808482, 'eval_f1': 0.9175, 'eval_accuracy': 0.986137611463728, 'eval_runtime': 4.1879, 'eval_samples_per_second': 776.049, 'eval_steps_per_second': 48.712, 'epoch': 1.0}
{'loss': 0.0688, 'grad_norm': 4.4655442237854, 'learning_rate': 4.291318653505442e-05, 'epoch': 1.1389521640091116}
{'loss': 0.0481, 'grad_norm': 8.671379089355469, 'learning_rate': 3.6585674512781576e-05, 'epoch': 1.7084282460136673}
{'eval_loss': 0.04598653316497803, 'eval_precision': 0.9342061094326956, 'eval_recall': 0.9367216425445978, 'eval_f1': 0.9354621848739496, 'eval_accuracy': 0.9891554067209221, 'eval_runtime': 4.0756, 'eval_samples_per_second': 797.422, 'eval_steps_per_second': 50.054, 'epoch': 2.0}
{'loss': 0.0337, 'grad_norm': 3.5828959941864014, 'learning_rate': 3.0258162490508733e-05, 'epoch': 2.277904328018223}
{'loss': 0.024, 'grad_norm': 1.5726064443588257, 'learning_rate': 2.393065046823589e-05, 'epoch': 2.847380410022779}
{'eval_loss': 0.0420328713953495, 'eval_precision': 0.9430962343096234, 'eval_recall': 0.9483338943116796, 'eval_f1': 0.9457078123688847, 'eval_accuracy': 0.9908297963474942, 'eval_runtime': 4.0708, 'eval_samples_per_second': 798.37, 'eval_steps_per_second': 50.113, 'epoch': 3.0}
{'loss': 0.0153, 'grad_norm': 0.7380249500274658, 'learning_rate': 1.7603138445963048e-05, 'epoch': 3.416856492027335}
{'loss': 0.0112, 'grad_norm': 0.05931861698627472, 'learning_rate': 1.1275626423690206e-05, 'epoch': 3.9863325740318905}
{'eval_loss': 0.04501030966639519, 'eval_precision': 0.9422852376980817, 'eval_recall': 0.9506900033658701, 'eval_f1': 0.9464689620507665, 'eval_accuracy': 0.9908882052879561, 'eval_runtime': 4.0736, 'eval_samples_per_second': 797.827, 'eval_steps_per_second': 50.079, 'epoch': 4.0}
{'loss': 0.0067, 'grad_norm': 0.2876752018928528, 'learning_rate': 4.948114401417363e-06, 'epoch': 4.555808656036446}
{'eval_loss': 0.04267358407378197, 'eval_precision': 0.9442217768871075, 'eval_recall': 0.9515314708852238, 'eval_f1': 0.9478625314333613, 'eval_accuracy': 0.9915501732798567, 'eval_runtime': 4.0668, 'eval_samples_per_second': 799.149, 'eval_steps_per_second': 50.162, 'epoch': 5.0}
{'train_runtime': 556.6455, 'train_samples_per_second': 126.122, 'train_steps_per_second': 7.887, 'train_loss': 0.06399595389876658, 'epoch': 5.0}
TEST SET: eriktks/conll2003
{'eval_loss': 0.12625771760940552, 'eval_precision': 0.8978597529145641, 'eval_recall': 0.9135977337110481, 'eval_f1': 0.9056603773584906, 'eval_accuracy': 0.9807472811456875, 'eval_runtime': 3.8538, 'eval_samples_per_second': 896.009, 'eval_steps_per_second': 56.049, 'epoch': 5.0}
Original test set F1: 90.57
{'eval_loss': 0.7627115249633789, 'eval_precision': 0.8555475504322767, 'eval_recall': 0.4205028328611898, 'eval_f1': 0.5638651471984806, 'eval_accuracy': 0.9015397867987509, 'eval_runtime': 4.1197, 'eval_samples_per_second': 838.167, 'eval_steps_per_second': 52.431, 'epoch': 5.0}
Lowercase test set F1: 56.39
{'eval_loss': 0.2760664224624634, 'eval_precision': 0.6969033995287782, 'eval_recall': 0.7331798866855525, 'eval_f1': 0.7145815358067299, 'eval_accuracy': 0.9362334445999785, 'eval_runtime': 4.9351, 'eval_samples_per_second': 699.679, 'eval_steps_per_second': 43.768, 'epoch': 5.0}
Uppercase test set F1: 71.46
================================================================================
XLM-R Data Augmented
================================================================================
Some weights of XLMRobertaForTokenClassification were not initialized from the model checkpoint at xlm-roberta-base and are newly initialized: ['classifier.bias', 'classifier.weight']
You should probably TRAIN this model on a down-stream task to be able to use it for predictions and inference.
TRAINING SET: eriktks/conll2003
Some weights of XLMRobertaForTokenClassification were not initialized from the model checkpoint at xlm-roberta-base and are newly initialized: ['classifier.bias', 'classifier.weight']
You should probably TRAIN this model on a down-stream task to be able to use it for predictions and inference.
{'loss': 0.4043, 'grad_norm': 1.8775508403778076, 'learning_rate': 4.924069855732726e-05, 'epoch': 0.5694760820045558}
{'eval_loss': 0.062119439244270325, 'eval_precision': 0.8941912127694586, 'eval_recall': 0.9145069000336588, 'eval_f1': 0.9042349613112572, 'eval_accuracy': 0.984015419960282, 'eval_runtime': 4.1338, 'eval_samples_per_second': 786.198, 'eval_steps_per_second': 49.349, 'epoch': 1.0}
{'loss': 0.1102, 'grad_norm': 5.053442001342773, 'learning_rate': 4.291318653505442e-05, 'epoch': 1.1389521640091116}
{'loss': 0.0809, 'grad_norm': 3.95414400100708, 'learning_rate': 3.6585674512781576e-05, 'epoch': 1.7084282460136673}
{'eval_loss': 0.046663809567689896, 'eval_precision': 0.9245782335428382, 'eval_recall': 0.9407606866374958, 'eval_f1': 0.9325992659325992, 'eval_accuracy': 0.9885518476694832, 'eval_runtime': 4.0869, 'eval_samples_per_second': 795.214, 'eval_steps_per_second': 49.915, 'epoch': 2.0}
{'loss': 0.059, 'grad_norm': 8.364588737487793, 'learning_rate': 3.0258162490508733e-05, 'epoch': 2.277904328018223}
{'loss': 0.0436, 'grad_norm': 2.184252977371216, 'learning_rate': 2.393065046823589e-05, 'epoch': 2.847380410022779}
{'eval_loss': 0.04885954409837723, 'eval_precision': 0.9252228458237042, 'eval_recall': 0.9432850891955571, 'eval_f1': 0.9341666666666667, 'eval_accuracy': 0.9889412406058954, 'eval_runtime': 4.0836, 'eval_samples_per_second': 795.87, 'eval_steps_per_second': 49.956, 'epoch': 3.0}
{'loss': 0.0303, 'grad_norm': 3.3829705715179443, 'learning_rate': 1.7603138445963048e-05, 'epoch': 3.416856492027335}
{'loss': 0.0228, 'grad_norm': 1.2550430297851562, 'learning_rate': 1.1275626423690206e-05, 'epoch': 3.9863325740318905}
{'eval_loss': 0.04720883443951607, 'eval_precision': 0.9415400033405712, 'eval_recall': 0.9486704813194211, 'eval_f1': 0.9450917931092296, 'eval_accuracy': 0.9907519177602119, 'eval_runtime': 4.0768, 'eval_samples_per_second': 797.2, 'eval_steps_per_second': 50.04, 'epoch': 4.0}
{'loss': 0.0139, 'grad_norm': 0.028994813561439514, 'learning_rate': 4.948114401417363e-06, 'epoch': 4.555808656036446}
{'eval_loss': 0.050003062933683395, 'eval_precision': 0.940149625935162, 'eval_recall': 0.9516997643890945, 'eval_f1': 0.9458894371497867, 'eval_accuracy': 0.9909271445815973, 'eval_runtime': 4.0903, 'eval_samples_per_second': 794.563, 'eval_steps_per_second': 49.874, 'epoch': 5.0}
{'train_runtime': 614.7503, 'train_samples_per_second': 114.201, 'train_steps_per_second': 7.141, 'train_loss': 0.08816011543969086, 'epoch': 5.0}
TEST SET: eriktks/conll2003
{'eval_loss': 0.10563875734806061, 'eval_precision': 0.8877428227608734, 'eval_recall': 0.9143059490084986, 'eval_f1': 0.90082860880942, 'eval_accuracy': 0.9801442877140089, 'eval_runtime': 3.8505, 'eval_samples_per_second': 896.771, 'eval_steps_per_second': 56.097, 'epoch': 5.0}
Original test set F1: 90.08
{'eval_loss': 0.13454414904117584, 'eval_precision': 0.8510303877052043, 'eval_recall': 0.8627832861189801, 'eval_f1': 0.8568665377176016, 'eval_accuracy': 0.9703241089695273, 'eval_runtime': 4.2432, 'eval_samples_per_second': 813.767, 'eval_steps_per_second': 50.905, 'epoch': 5.0}
Lowercase test set F1: 85.69
{'eval_loss': 0.1601668745279312, 'eval_precision': 0.7993455046503617, 'eval_recall': 0.8217067988668555, 'eval_f1': 0.8103719224724986, 'eval_accuracy': 0.9609561752988047, 'eval_runtime': 4.9168, 'eval_samples_per_second': 702.284, 'eval_steps_per_second': 43.931, 'epoch': 5.0}
Uppercase test set F1: 81.04
================================================================================
XLM-R Baseline
================================================================================
Some weights of XLMRobertaForTokenClassification were not initialized from the model checkpoint at xlm-roberta-base and are newly initialized: ['classifier.bias', 'classifier.weight']
You should probably TRAIN this model on a down-stream task to be able to use it for predictions and inference.
TRAINING SET: CONLL02_spa
Some weights of XLMRobertaForTokenClassification were not initialized from the model checkpoint at xlm-roberta-base and are newly initialized: ['classifier.bias', 'classifier.weight']
You should probably TRAIN this model on a down-stream task to be able to use it for predictions and inference.
{'loss': 0.4789, 'grad_norm': 6.969540596008301, 'learning_rate': 9.577735124760078e-06, 'epoch': 0.4803073967339097}
{'loss': 0.0613, 'grad_norm': 2.326416254043579, 'learning_rate': 8.979504696840308e-06, 'epoch': 0.9606147934678194}
{'eval_loss': 0.06454154849052429, 'eval_precision': 0.871756109851348, 'eval_recall': 0.8855899667263886, 'eval_f1': 0.8786185881157949, 'eval_accuracy': 0.9835232318651626, 'eval_runtime': 3.9185, 'eval_samples_per_second': 488.71, 'eval_steps_per_second': 30.624, 'epoch': 1.0}
{'loss': 0.0452, 'grad_norm': 0.05800294131040573, 'learning_rate': 7.91204099060632e-06, 'epoch': 1.440922190201729}
{'loss': 0.041, 'grad_norm': 4.353739261627197, 'learning_rate': 6.844577284372333e-06, 'epoch': 1.9212295869356388}
{'eval_loss': 0.06592249125242233, 'eval_precision': 0.8664197530864197, 'eval_recall': 0.8981315587407218, 'eval_f1': 0.8819907000125675, 'eval_accuracy': 0.9835421272414641, 'eval_runtime': 3.8607, 'eval_samples_per_second': 496.024, 'eval_steps_per_second': 31.082, 'epoch': 2.0}
{'loss': 0.0315, 'grad_norm': 0.0857359766960144, 'learning_rate': 5.777113578138343e-06, 'epoch': 2.4015369836695486}
{'loss': 0.0316, 'grad_norm': 1.4008915424346924, 'learning_rate': 4.709649871904355e-06, 'epoch': 2.881844380403458}
{'eval_loss': 0.05879094451665878, 'eval_precision': 0.8914342629482072, 'eval_recall': 0.9163040696186332, 'eval_f1': 0.903698094156254, 'eval_accuracy': 0.9862441660525669, 'eval_runtime': 3.8822, 'eval_samples_per_second': 493.271, 'eval_steps_per_second': 30.91, 'epoch': 3.0}
{'loss': 0.0252, 'grad_norm': 1.7331576347351074, 'learning_rate': 3.642186165670368e-06, 'epoch': 3.3621517771373677}
{'loss': 0.022, 'grad_norm': 2.3812003135681152, 'learning_rate': 2.5747224594363795e-06, 'epoch': 3.8424591738712777}
{'eval_loss': 0.06386113911867142, 'eval_precision': 0.8990687138182734, 'eval_recall': 0.9142564627591503, 'eval_f1': 0.9065989847715736, 'eval_accuracy': 0.9861496891710598, 'eval_runtime': 3.8724, 'eval_samples_per_second': 494.525, 'eval_steps_per_second': 30.989, 'epoch': 4.0}
{'loss': 0.0205, 'grad_norm': 0.04388164356350899, 'learning_rate': 1.5072587532023913e-06, 'epoch': 4.322766570605188}
{'loss': 0.0175, 'grad_norm': 2.66671085357666, 'learning_rate': 4.397950469684031e-07, 'epoch': 4.803073967339097}
{'eval_loss': 0.06526205688714981, 'eval_precision': 0.9000501002004008, 'eval_recall': 0.9196314307652931, 'eval_f1': 0.9097354095455121, 'eval_accuracy': 0.9863953290629783, 'eval_runtime': 3.8746, 'eval_samples_per_second': 494.244, 'eval_steps_per_second': 30.971, 'epoch': 5.0}
{'train_runtime': 578.2237, 'train_samples_per_second': 71.97, 'train_steps_per_second': 9.002, 'train_loss': 0.07503201579039882, 'epoch': 5.0}
TEST SET: CONLL02_spa
{'eval_loss': 0.04626443237066269, 'eval_precision': 0.8769371011850501, 'eval_recall': 0.896551724137931, 'eval_f1': 0.8866359447004609, 'eval_accuracy': 0.9886674558050181, 'eval_runtime': 3.3638, 'eval_samples_per_second': 450.983, 'eval_steps_per_second': 28.242, 'epoch': 5.0}
Original test set F1: 88.66
{'eval_loss': 0.3678085505962372, 'eval_precision': 0.8532637075718016, 'eval_recall': 0.5076110593351972, 'eval_f1': 0.6365407089988313, 'eval_accuracy': 0.9451419478780587, 'eval_runtime': 3.3584, 'eval_samples_per_second': 451.709, 'eval_steps_per_second': 28.288, 'epoch': 5.0}
Lowercase test set F1: 63.65
{'eval_loss': 0.16556496918201447, 'eval_precision': 0.6391478029294274, 'eval_recall': 0.7455731593662628, 'eval_f1': 0.688270719816461, 'eval_accuracy': 0.9528651543671046, 'eval_runtime': 4.3175, 'eval_samples_per_second': 351.357, 'eval_steps_per_second': 22.003, 'epoch': 5.0}
Uppercase test set F1: 68.83
================================================================================
XLM-R Data Augmented
================================================================================
Some weights of XLMRobertaForTokenClassification were not initialized from the model checkpoint at xlm-roberta-base and are newly initialized: ['classifier.bias', 'classifier.weight']
You should probably TRAIN this model on a down-stream task to be able to use it for predictions and inference.
TRAINING SET: CONLL02_spa
Some weights of XLMRobertaForTokenClassification were not initialized from the model checkpoint at xlm-roberta-base and are newly initialized: ['classifier.bias', 'classifier.weight']
You should probably TRAIN this model on a down-stream task to be able to use it for predictions and inference.
{'eval_loss': 0.08981724828481674, 'eval_precision': 0.7851016907620681, 'eval_recall': 0.8200665472229332, 'eval_f1': 0.8022033049574361, 'eval_accuracy': 0.9746801957560984, 'eval_runtime': 3.9018, 'eval_samples_per_second': 490.795, 'eval_steps_per_second': 30.755, 'epoch': 1.0}
{'loss': 0.1902, 'grad_norm': 1.902414083480835, 'learning_rate': 3.4327086882453155e-05, 'epoch': 1.9157088122605364}
{'eval_loss': 0.058013301342725754, 'eval_precision': 0.8817978644151974, 'eval_recall': 0.9088814947530074, 'eval_f1': 0.8951348626165868, 'eval_accuracy': 0.9843168376698221, 'eval_runtime': 3.8896, 'eval_samples_per_second': 492.343, 'eval_steps_per_second': 30.852, 'epoch': 2.0}
{'eval_loss': 0.061274148523807526, 'eval_precision': 0.8731251536759282, 'eval_recall': 0.9088814947530074, 'eval_f1': 0.8906445949335341, 'eval_accuracy': 0.9835988133703683, 'eval_runtime': 3.8775, 'eval_samples_per_second': 493.871, 'eval_steps_per_second': 30.948, 'epoch': 3.0}
{'loss': 0.0377, 'grad_norm': 1.7786611318588257, 'learning_rate': 1.303236797274276e-05, 'epoch': 3.8314176245210727}
{'eval_loss': 0.06241247057914734, 'eval_precision': 0.8882779305173707, 'eval_recall': 0.9096493473253136, 'eval_f1': 0.8988366211431462, 'eval_accuracy': 0.9857150955161272, 'eval_runtime': 3.8893, 'eval_samples_per_second': 492.371, 'eval_steps_per_second': 30.854, 'epoch': 4.0}
{'eval_loss': 0.06656499207019806, 'eval_precision': 0.8912825651302605, 'eval_recall': 0.9106731507550551, 'eval_f1': 0.900873528294721, 'eval_accuracy': 0.9856962001398258, 'eval_runtime': 3.8903, 'eval_samples_per_second': 492.247, 'eval_steps_per_second': 30.846, 'epoch': 5.0}
{'train_runtime': 499.8338, 'train_samples_per_second': 83.258, 'train_steps_per_second': 2.611, 'train_loss': 0.09178882723110389, 'epoch': 5.0}
TEST SET: CONLL02_spa
{'eval_loss': 0.05252545326948166, 'eval_precision': 0.8615151515151516, 'eval_recall': 0.8831935383659522, 'eval_f1': 0.8722196655928824, 'eval_accuracy': 0.9861836105020084, 'eval_runtime': 3.3576, 'eval_samples_per_second': 451.813, 'eval_steps_per_second': 28.294, 'epoch': 5.0}
Original test set F1: 87.22
{'eval_loss': 0.07375635951757431, 'eval_precision': 0.80980271270037, 'eval_recall': 0.8160919540229885, 'eval_f1': 0.8129351694259632, 'eval_accuracy': 0.9774707469000447, 'eval_runtime': 3.362, 'eval_samples_per_second': 451.226, 'eval_steps_per_second': 28.257, 'epoch': 5.0}
Lowercase test set F1: 81.29
{'eval_loss': 0.1003883108496666, 'eval_precision': 0.7738913179262961, 'eval_recall': 0.7698042870456664, 'eval_f1': 0.7718423921507553, 'eval_accuracy': 0.9706983874410572, 'eval_runtime': 4.3251, 'eval_samples_per_second': 350.746, 'eval_steps_per_second': 21.965, 'epoch': 5.0}
Uppercase test set F1: 77.18
================================================================================
XLM-R Baseline
================================================================================
Some weights of XLMRobertaForTokenClassification were not initialized from the model checkpoint at xlm-roberta-base and are newly initialized: ['classifier.bias', 'classifier.weight']
You should probably TRAIN this model on a down-stream task to be able to use it for predictions and inference.
TRAINING SET: CONLL02_nld
Some weights of XLMRobertaForTokenClassification were not initialized from the model checkpoint at xlm-roberta-base and are newly initialized: ['classifier.bias', 'classifier.weight']
You should probably TRAIN this model on a down-stream task to be able to use it for predictions and inference.
{'loss': 0.5926, 'grad_norm': 8.079690933227539, 'learning_rate': 5.050607287449393e-06, 'epoch': 0.25303643724696356}
{'loss': 0.0893, 'grad_norm': 6.434104919433594, 'learning_rate': 9.987629329734593e-06, 'epoch': 0.5060728744939271}
{'loss': 0.0584, 'grad_norm': 8.458549499511719, 'learning_rate': 9.425326135852452e-06, 'epoch': 0.7591093117408907}
{'eval_loss': 0.04000426083803177, 'eval_precision': 0.874051593323217, 'eval_recall': 0.9250535331905781, 'eval_f1': 0.8988296488946684, 'eval_accuracy': 0.9906864436012418, 'eval_runtime': 3.6425, 'eval_samples_per_second': 794.795, 'eval_steps_per_second': 49.692, 'epoch': 1.0}
{'loss': 0.0438, 'grad_norm': 6.085385322570801, 'learning_rate': 8.86302294197031e-06, 'epoch': 1.0121457489878543}
{'loss': 0.0336, 'grad_norm': 0.12613235414028168, 'learning_rate': 8.30071974808817e-06, 'epoch': 1.2651821862348178}
{'loss': 0.0291, 'grad_norm': 4.918081760406494, 'learning_rate': 7.738416554206028e-06, 'epoch': 1.5182186234817814}
{'loss': 0.0288, 'grad_norm': 0.021434236317873, 'learning_rate': 7.176113360323888e-06, 'epoch': 1.771255060728745}
{'eval_loss': 0.03798726201057434, 'eval_precision': 0.8940874035989718, 'eval_recall': 0.9309421841541756, 'eval_f1': 0.912142669813795, 'eval_accuracy': 0.9916151458062462, 'eval_runtime': 3.6279, 'eval_samples_per_second': 797.983, 'eval_steps_per_second': 49.891, 'epoch': 2.0}
{'loss': 0.0277, 'grad_norm': 0.06627768278121948, 'learning_rate': 6.613810166441746e-06, 'epoch': 2.0242914979757085}
{'loss': 0.0166, 'grad_norm': 3.2828216552734375, 'learning_rate': 6.051506972559604e-06, 'epoch': 2.2773279352226723}
{'loss': 0.0184, 'grad_norm': 0.013668548315763474, 'learning_rate': 5.4892037786774636e-06, 'epoch': 2.5303643724696356}
{'loss': 0.0182, 'grad_norm': 0.044929128140211105, 'learning_rate': 4.926900584795322e-06, 'epoch': 2.783400809716599}
{'eval_loss': 0.03837582841515541, 'eval_precision': 0.9055526725480021, 'eval_recall': 0.934154175588865, 'eval_f1': 0.9196310935441371, 'eval_accuracy': 0.9928091914983946, 'eval_runtime': 3.6115, 'eval_samples_per_second': 801.614, 'eval_steps_per_second': 50.118, 'epoch': 3.0}
{'loss': 0.0152, 'grad_norm': 3.3762497901916504, 'learning_rate': 4.364597390913181e-06, 'epoch': 3.0364372469635628}
{'loss': 0.0111, 'grad_norm': 18.853694915771484, 'learning_rate': 3.8022941970310395e-06, 'epoch': 3.2894736842105265}
{'loss': 0.0113, 'grad_norm': 0.15336233377456665, 'learning_rate': 3.2399910031488978e-06, 'epoch': 3.54251012145749}
{'loss': 0.0127, 'grad_norm': 8.18837833404541, 'learning_rate': 2.677687809266757e-06, 'epoch': 3.7955465587044532}
{'eval_loss': 0.04051505774259567, 'eval_precision': 0.9082855653986451, 'eval_recall': 0.933083511777302, 'eval_f1': 0.9205175600739371, 'eval_accuracy': 0.9929683975906811, 'eval_runtime': 3.6205, 'eval_samples_per_second': 799.619, 'eval_steps_per_second': 49.993, 'epoch': 4.0}
{'loss': 0.0092, 'grad_norm': 0.4602090120315552, 'learning_rate': 2.1153846153846155e-06, 'epoch': 4.048582995951417}
{'loss': 0.0075, 'grad_norm': 12.135345458984375, 'learning_rate': 1.5530814215024742e-06, 'epoch': 4.301619433198381}
{'loss': 0.0076, 'grad_norm': 0.0020790586713701487, 'learning_rate': 9.90778227620333e-07, 'epoch': 4.554655870445345}
{'loss': 0.0092, 'grad_norm': 8.805129051208496, 'learning_rate': 4.2847503373819167e-07, 'epoch': 4.8076923076923075}
{'eval_loss': 0.03942973539233208, 'eval_precision': 0.9126819126819127, 'eval_recall': 0.9400428265524625, 'eval_f1': 0.9261603375527425, 'eval_accuracy': 0.9934990845649694, 'eval_runtime': 3.6171, 'eval_samples_per_second': 800.365, 'eval_steps_per_second': 50.04, 'epoch': 5.0}
{'train_runtime': 802.4914, 'train_samples_per_second': 98.481, 'train_steps_per_second': 12.312, 'train_loss': 0.05292113300277154, 'epoch': 5.0}
TEST SET: CONLL02_nld
{'eval_loss': 0.032166026532649994, 'eval_precision': 0.8842544316996872, 'eval_recall': 0.9247546346782988, 'eval_f1': 0.9040511727078892, 'eval_accuracy': 0.9928834926075464, 'eval_runtime': 7.1889, 'eval_samples_per_second': 722.644, 'eval_steps_per_second': 45.209, 'epoch': 5.0}
Original test set F1: 90.41
{'eval_loss': 0.264865517616272, 'eval_precision': 0.8621700879765396, 'eval_recall': 0.42763636363636365, 'eval_f1': 0.5717063684978123, 'eval_accuracy': 0.9647899599093603, 'eval_runtime': 7.4543, 'eval_samples_per_second': 696.917, 'eval_steps_per_second': 43.599, 'epoch': 5.0}
Lowercase test set F1: 57.17
{'eval_loss': 0.22655338048934937, 'eval_precision': 0.6523855890944499, 'eval_recall': 0.4885162231133795, 'eval_f1': 0.5586825099020221, 'eval_accuracy': 0.9650191108721243, 'eval_runtime': 9.7589, 'eval_samples_per_second': 532.335, 'eval_steps_per_second': 33.303, 'epoch': 5.0}
Uppercase test set F1: 55.87
================================================================================
XLM-R Data Augmented
================================================================================
Some weights of XLMRobertaForTokenClassification were not initialized from the model checkpoint at xlm-roberta-base and are newly initialized: ['classifier.bias', 'classifier.weight']
You should probably TRAIN this model on a down-stream task to be able to use it for predictions and inference.
TRAINING SET: CONLL02_nld
Some weights of XLMRobertaForTokenClassification were not initialized from the model checkpoint at xlm-roberta-base and are newly initialized: ['classifier.bias', 'classifier.weight']
You should probably TRAIN this model on a down-stream task to be able to use it for predictions and inference.
{'loss': 0.6283, 'grad_norm': 1.2782964706420898, 'learning_rate': 5.050607287449393e-06, 'epoch': 0.25303643724696356}
{'loss': 0.1596, 'grad_norm': 15.513326644897461, 'learning_rate': 9.987629329734593e-06, 'epoch': 0.5060728744939271}
{'loss': 0.0922, 'grad_norm': 3.4135406017303467, 'learning_rate': 9.425326135852452e-06, 'epoch': 0.7591093117408907}
{'eval_loss': 0.04266360029578209, 'eval_precision': 0.8478488982161595, 'eval_recall': 0.8650963597430407, 'eval_f1': 0.8563857975622681, 'eval_accuracy': 0.9880330087298007, 'eval_runtime': 3.6701, 'eval_samples_per_second': 788.81, 'eval_steps_per_second': 49.318, 'epoch': 1.0}
{'loss': 0.0838, 'grad_norm': 4.981130123138428, 'learning_rate': 8.86302294197031e-06, 'epoch': 1.0121457489878543}
{'loss': 0.0597, 'grad_norm': 3.737065315246582, 'learning_rate': 8.30071974808817e-06, 'epoch': 1.2651821862348178}
{'loss': 0.0624, 'grad_norm': 4.249514102935791, 'learning_rate': 7.738416554206028e-06, 'epoch': 1.5182186234817814}
{'loss': 0.0501, 'grad_norm': 4.907009601593018, 'learning_rate': 7.176113360323888e-06, 'epoch': 1.771255060728745}
{'eval_loss': 0.03591597080230713, 'eval_precision': 0.8893506493506493, 'eval_recall': 0.9164882226980728, 'eval_f1': 0.9027155286053256, 'eval_accuracy': 0.9914028710165309, 'eval_runtime': 3.6075, 'eval_samples_per_second': 802.495, 'eval_steps_per_second': 50.173, 'epoch': 2.0}
{'loss': 0.0535, 'grad_norm': 3.430820941925049, 'learning_rate': 6.613810166441746e-06, 'epoch': 2.0242914979757085}
{'loss': 0.038, 'grad_norm': 4.048230171203613, 'learning_rate': 6.051506972559604e-06, 'epoch': 2.2773279352226723}
{'loss': 0.0349, 'grad_norm': 0.23549742996692657, 'learning_rate': 5.4892037786774636e-06, 'epoch': 2.5303643724696356}
{'loss': 0.032, 'grad_norm': 1.5495816469192505, 'learning_rate': 4.926900584795322e-06, 'epoch': 2.783400809716599}
{'eval_loss': 0.04144919291138649, 'eval_precision': 0.877571500250878, 'eval_recall': 0.9362955032119914, 'eval_f1': 0.905982905982906, 'eval_accuracy': 0.9915090084113886, 'eval_runtime': 3.6536, 'eval_samples_per_second': 792.363, 'eval_steps_per_second': 49.54, 'epoch': 3.0}
{'loss': 0.0349, 'grad_norm': 0.033282320946455, 'learning_rate': 4.364597390913181e-06, 'epoch': 3.0364372469635628}
{'loss': 0.0222, 'grad_norm': 4.740896701812744, 'learning_rate': 3.8022941970310395e-06, 'epoch': 3.2894736842105265}
{'loss': 0.0223, 'grad_norm': 0.03434281796216965, 'learning_rate': 3.2399910031488978e-06, 'epoch': 3.54251012145749}
{'loss': 0.0261, 'grad_norm': 3.1683361530303955, 'learning_rate': 2.677687809266757e-06, 'epoch': 3.7955465587044532}
{'eval_loss': 0.038308702409267426, 'eval_precision': 0.9046632124352332, 'eval_recall': 0.9346895074946466, 'eval_f1': 0.919431279620853, 'eval_accuracy': 0.9927561228009658, 'eval_runtime': 3.6288, 'eval_samples_per_second': 797.786, 'eval_steps_per_second': 49.879, 'epoch': 4.0}
{'loss': 0.0245, 'grad_norm': 0.0853748768568039, 'learning_rate': 2.1153846153846155e-06, 'epoch': 4.048582995951417}
{'loss': 0.0166, 'grad_norm': 0.15059295296669006, 'learning_rate': 1.5530814215024742e-06, 'epoch': 4.301619433198381}
{'loss': 0.0148, 'grad_norm': 0.008185658603906631, 'learning_rate': 9.90778227620333e-07, 'epoch': 4.554655870445345}
{'loss': 0.0189, 'grad_norm': 0.008664779365062714, 'learning_rate': 4.2847503373819167e-07, 'epoch': 4.8076923076923075}
{'eval_loss': 0.03919291868805885, 'eval_precision': 0.9066874027993779, 'eval_recall': 0.9362955032119914, 'eval_f1': 0.9212536212799579, 'eval_accuracy': 0.9931010693342532, 'eval_runtime': 3.6286, 'eval_samples_per_second': 797.83, 'eval_steps_per_second': 49.882, 'epoch': 5.0}
{'train_runtime': 850.5455, 'train_samples_per_second': 92.917, 'train_steps_per_second': 11.616, 'train_loss': 0.07533849989354369, 'epoch': 5.0}
TEST SET: CONLL02_nld
{'eval_loss': 0.028680525720119476, 'eval_precision': 0.8921880523153057, 'eval_recall': 0.9174845510723373, 'eval_f1': 0.9046594982078854, 'eval_accuracy': 0.9928544456385976, 'eval_runtime': 7.3011, 'eval_samples_per_second': 711.539, 'eval_steps_per_second': 44.514, 'epoch': 5.0}
Original test set F1: 90.47
{'eval_loss': 0.048940397799015045, 'eval_precision': 0.8658989598811293, 'eval_recall': 0.8476363636363636, 'eval_f1': 0.856670341786108, 'eval_accuracy': 0.9888152925454651, 'eval_runtime': 7.3748, 'eval_samples_per_second': 704.422, 'eval_steps_per_second': 44.069, 'epoch': 5.0}
Lowercase test set F1: 85.67
{'eval_loss': 0.08199404180049896, 'eval_precision': 0.79279643868879, 'eval_recall': 0.7141815530441122, 'eval_f1': 0.7514384349827388, 'eval_accuracy': 0.9795811594413522, 'eval_runtime': 9.7106, 'eval_samples_per_second': 534.984, 'eval_steps_per_second': 33.469, 'epoch': 5.0}
Uppercase test set F1: 75.14
================================================================================
XLM-R Baseline
================================================================================
Some weights of XLMRobertaForTokenClassification were not initialized from the model checkpoint at xlm-roberta-base and are newly initialized: ['classifier.bias', 'classifier.weight']
You should probably TRAIN this model on a down-stream task to be able to use it for predictions and inference.
TRAINING SET: GermEval_deu
Some weights of XLMRobertaForTokenClassification were not initialized from the model checkpoint at xlm-roberta-base and are newly initialized: ['classifier.bias', 'classifier.weight']
You should probably TRAIN this model on a down-stream task to be able to use it for predictions and inference.
{'loss': 0.2194, 'grad_norm': 1.4092377424240112, 'learning_rate': 4.816296296296297e-05, 'epoch': 0.6666666666666666}
{'eval_loss': 0.04670320823788643, 'eval_precision': 0.8729096989966555, 'eval_recall': 0.8573439699671516, 'eval_f1': 0.8650568181818182, 'eval_accuracy': 0.9855952752502821, 'eval_runtime': 2.9909, 'eval_samples_per_second': 735.553, 'eval_steps_per_second': 46.139, 'epoch': 1.0}
{'loss': 0.0528, 'grad_norm': 1.0640027523040771, 'learning_rate': 4.075555555555556e-05, 'epoch': 1.3333333333333333}
{'loss': 0.0408, 'grad_norm': 1.3057550191879272, 'learning_rate': 3.334814814814815e-05, 'epoch': 2.0}
{'eval_loss': 0.04203251376748085, 'eval_precision': 0.8662978331028124, 'eval_recall': 0.8817456593148757, 'eval_f1': 0.8739534883720931, 'eval_accuracy': 0.9864355508606824, 'eval_runtime': 2.9506, 'eval_samples_per_second': 745.6, 'eval_steps_per_second': 46.769, 'epoch': 2.0}
{'loss': 0.0255, 'grad_norm': 1.096521258354187, 'learning_rate': 2.5940740740740744e-05, 'epoch': 2.6666666666666665}
{'eval_loss': 0.047593578696250916, 'eval_precision': 0.8657534246575342, 'eval_recall': 0.8897231346785547, 'eval_f1': 0.8775746355010415, 'eval_accuracy': 0.987011739850671, 'eval_runtime': 2.9869, 'eval_samples_per_second': 736.544, 'eval_steps_per_second': 46.201, 'epoch': 3.0}
{'loss': 0.0202, 'grad_norm': 1.452864646911621, 'learning_rate': 1.8533333333333334e-05, 'epoch': 3.3333333333333335}
{'loss': 0.0152, 'grad_norm': 0.9731492400169373, 'learning_rate': 1.1125925925925928e-05, 'epoch': 4.0}
{'eval_loss': 0.05023689940571785, 'eval_precision': 0.8687782805429864, 'eval_recall': 0.9009854528390427, 'eval_f1': 0.8845888044229441, 'eval_accuracy': 0.9874678894677454, 'eval_runtime': 2.9519, 'eval_samples_per_second': 745.289, 'eval_steps_per_second': 46.75, 'epoch': 4.0}
{'loss': 0.0089, 'grad_norm': 0.10000120103359222, 'learning_rate': 3.7185185185185185e-06, 'epoch': 4.666666666666667}
{'eval_loss': 0.0543447881937027, 'eval_precision': 0.8777272727272727, 'eval_recall': 0.9061473486625997, 'eval_f1': 0.8917109212652967, 'eval_accuracy': 0.9880440784577341, 'eval_runtime': 2.9945, 'eval_samples_per_second': 734.672, 'eval_steps_per_second': 46.084, 'epoch': 5.0}
{'train_runtime': 691.7413, 'train_samples_per_second': 173.475, 'train_steps_per_second': 5.421, 'train_loss': 0.051682650375366214, 'epoch': 5.0}
TEST SET: GermEval_deu
{'eval_loss': 0.042563170194625854, 'eval_precision': 0.8724253888188315, 'eval_recall': 0.8612033195020747, 'eval_f1': 0.866778032992274, 'eval_accuracy': 0.9865387206085037, 'eval_runtime': 7.0431, 'eval_samples_per_second': 724.116, 'eval_steps_per_second': 45.293, 'epoch': 5.0}
Original test set F1: 86.68
{'eval_loss': 0.08787811547517776, 'eval_precision': 0.8336365999480114, 'eval_recall': 0.6653526970954357, 'eval_f1': 0.7400484596746278, 'eval_accuracy': 0.9749116571156178, 'eval_runtime': 7.5679, 'eval_samples_per_second': 673.903, 'eval_steps_per_second': 42.152, 'epoch': 5.0}
Lowercase test set F1: 74.00
{'eval_loss': 0.19370749592781067, 'eval_precision': 0.6248891516405557, 'eval_recall': 0.43858921161825726, 'eval_f1': 0.5154211873704743, 'eval_accuracy': 0.9546420170157204, 'eval_runtime': 10.1794, 'eval_samples_per_second': 501.012, 'eval_steps_per_second': 31.338, 'epoch': 5.0}
Uppercase test set F1: 51.54
================================================================================
XLM-R Data Augmented
================================================================================
Some weights of XLMRobertaForTokenClassification were not initialized from the model checkpoint at xlm-roberta-base and are newly initialized: ['classifier.bias', 'classifier.weight']
You should probably TRAIN this model on a down-stream task to be able to use it for predictions and inference.
TRAINING SET: GermEval_deu
Some weights of XLMRobertaForTokenClassification were not initialized from the model checkpoint at xlm-roberta-base and are newly initialized: ['classifier.bias', 'classifier.weight']
You should probably TRAIN this model on a down-stream task to be able to use it for predictions and inference.
{'loss': 0.2522, 'grad_norm': 2.4391915798187256, 'learning_rate': 4.816296296296297e-05, 'epoch': 0.6666666666666666}
{'eval_loss': 0.04935216158628464, 'eval_precision': 0.8149266609145815, 'eval_recall': 0.8864382918817456, 'eval_f1': 0.8491795909193077, 'eval_accuracy': 0.9841788106498932, 'eval_runtime': 3.0414, 'eval_samples_per_second': 723.359, 'eval_steps_per_second': 45.374, 'epoch': 1.0}
{'loss': 0.0777, 'grad_norm': 2.5211517810821533, 'learning_rate': 4.075555555555556e-05, 'epoch': 1.3333333333333333}
{'loss': 0.0597, 'grad_norm': 3.019068717956543, 'learning_rate': 3.334814814814815e-05, 'epoch': 2.0}
{'eval_loss': 0.04480782896280289, 'eval_precision': 0.8473146915224146, 'eval_recall': 0.8958235570154857, 'eval_f1': 0.8708941605839416, 'eval_accuracy': 0.9859073776198594, 'eval_runtime': 2.9524, 'eval_samples_per_second': 745.16, 'eval_steps_per_second': 46.742, 'epoch': 2.0}
{'loss': 0.0378, 'grad_norm': 1.9612717628479004, 'learning_rate': 2.5940740740740744e-05, 'epoch': 2.6666666666666665}
{'eval_loss': 0.04564044624567032, 'eval_precision': 0.8742542450665443, 'eval_recall': 0.8939465039887377, 'eval_f1': 0.8839907192575406, 'eval_accuracy': 0.9872758264710825, 'eval_runtime': 2.971, 'eval_samples_per_second': 740.485, 'eval_steps_per_second': 46.449, 'epoch': 3.0}
{'loss': 0.0309, 'grad_norm': 1.350586175918579, 'learning_rate': 1.8533333333333334e-05, 'epoch': 3.3333333333333335}
{'loss': 0.0227, 'grad_norm': 1.0215595960617065, 'learning_rate': 1.1125925925925928e-05, 'epoch': 4.0}
{'eval_loss': 0.0509943887591362, 'eval_precision': 0.8702118071203244, 'eval_recall': 0.9061473486625997, 'eval_f1': 0.887816091954023, 'eval_accuracy': 0.9873958658439969, 'eval_runtime': 2.9498, 'eval_samples_per_second': 745.803, 'eval_steps_per_second': 46.782, 'epoch': 4.0}
{'loss': 0.0144, 'grad_norm': 0.8796178102493286, 'learning_rate': 3.7185185185185185e-06, 'epoch': 4.666666666666667}
{'eval_loss': 0.0549321174621582, 'eval_precision': 0.875, 'eval_recall': 0.9033317691224777, 'eval_f1': 0.88894019856846, 'eval_accuracy': 0.987371857969414, 'eval_runtime': 2.9781, 'eval_samples_per_second': 738.73, 'eval_steps_per_second': 46.339, 'epoch': 5.0}
{'train_runtime': 842.7788, 'train_samples_per_second': 142.386, 'train_steps_per_second': 4.45, 'train_loss': 0.06688702920277913, 'epoch': 5.0}
TEST SET: GermEval_deu
{'eval_loss': 0.044509146362543106, 'eval_precision': 0.8483078162771958, 'eval_recall': 0.8736514522821577, 'eval_f1': 0.8607931316434996, 'eval_accuracy': 0.9858236872920962, 'eval_runtime': 7.042, 'eval_samples_per_second': 724.222, 'eval_steps_per_second': 45.299, 'epoch': 5.0}
Original test set F1: 86.08
{'eval_loss': 0.055680543184280396, 'eval_precision': 0.805241935483871, 'eval_recall': 0.8286307053941909, 'eval_f1': 0.8167689161554194, 'eval_accuracy': 0.9817925574358284, 'eval_runtime': 7.3741, 'eval_samples_per_second': 691.607, 'eval_steps_per_second': 43.259, 'epoch': 5.0}
Lowercase test set F1: 81.68
{'eval_loss': 0.08652186393737793, 'eval_precision': 0.737892948173322, 'eval_recall': 0.720746887966805, 'eval_f1': 0.7292191435768263, 'eval_accuracy': 0.9725489383309671, 'eval_runtime': 10.3215, 'eval_samples_per_second': 494.115, 'eval_steps_per_second': 30.906, 'epoch': 5.0}
Uppercase test set F1: 72.92
================================================================================
XLM-R Baseline
================================================================================
Some weights of XLMRobertaForTokenClassification were not initialized from the model checkpoint at xlm-roberta-base and are newly initialized: ['classifier.bias', 'classifier.weight']
You should probably TRAIN this model on a down-stream task to be able to use it for predictions and inference.
TRAINING SET: TurkuNLP_fin
Some weights of XLMRobertaForTokenClassification were not initialized from the model checkpoint at xlm-roberta-base and are newly initialized: ['classifier.bias', 'classifier.weight']
You should probably TRAIN this model on a down-stream task to be able to use it for predictions and inference.
{'eval_loss': 0.04979129508137703, 'eval_precision': 0.8443337484433375, 'eval_recall': 0.8218181818181818, 'eval_f1': 0.8329238329238329, 'eval_accuracy': 0.9883657417522395, 'eval_runtime': 2.0746, 'eval_samples_per_second': 657.482, 'eval_steps_per_second': 41.454, 'epoch': 1.0}
{'loss': 0.1648, 'grad_norm': 1.5014742612838745, 'learning_rate': 4.10413030831879e-05, 'epoch': 1.3089005235602094}
{'eval_loss': 0.04533785954117775, 'eval_precision': 0.8208232445520581, 'eval_recall': 0.8218181818181818, 'eval_f1': 0.821320411871593, 'eval_accuracy': 0.9883657417522395, 'eval_runtime': 2.0581, 'eval_samples_per_second': 662.758, 'eval_steps_per_second': 41.787, 'epoch': 2.0}
{'loss': 0.0259, 'grad_norm': 0.09461595863103867, 'learning_rate': 2.649796393251891e-05, 'epoch': 2.6178010471204187}
{'eval_loss': 0.046313460916280746, 'eval_precision': 0.8421052631578947, 'eval_recall': 0.7951515151515152, 'eval_f1': 0.8179551122194514, 'eval_accuracy': 0.9888573301289054, 'eval_runtime': 2.0561, 'eval_samples_per_second': 663.407, 'eval_steps_per_second': 41.828, 'epoch': 3.0}
{'loss': 0.0105, 'grad_norm': 1.554884672164917, 'learning_rate': 1.1954624781849913e-05, 'epoch': 3.9267015706806285}
{'eval_loss': 0.04436558485031128, 'eval_precision': 0.8601747815230961, 'eval_recall': 0.8351515151515152, 'eval_f1': 0.8474784747847479, 'eval_accuracy': 0.9906051999126065, 'eval_runtime': 2.0556, 'eval_samples_per_second': 663.541, 'eval_steps_per_second': 41.836, 'epoch': 4.0}
{'eval_loss': 0.05051298066973686, 'eval_precision': 0.8519900497512438, 'eval_recall': 0.8303030303030303, 'eval_f1': 0.8410067526089625, 'eval_accuracy': 0.9897312650207559, 'eval_runtime': 2.0526, 'eval_samples_per_second': 664.525, 'eval_steps_per_second': 41.898, 'epoch': 5.0}
{'train_runtime': 510.4742, 'train_samples_per_second': 119.663, 'train_steps_per_second': 3.742, 'train_loss': 0.05353694973191666, 'epoch': 5.0}
TEST SET: TurkuNLP_fin
{'eval_loss': 0.033764056861400604, 'eval_precision': 0.8957816377171216, 'eval_recall': 0.8968944099378882, 'eval_f1': 0.8963376784605834, 'eval_accuracy': 0.9934485377895936, 'eval_runtime': 2.0485, 'eval_samples_per_second': 759.104, 'eval_steps_per_second': 47.841, 'epoch': 5.0}
Original test set F1: 89.63
{'eval_loss': 0.22570838034152985, 'eval_precision': 0.8594594594594595, 'eval_recall': 0.3950310559006211, 'eval_f1': 0.5412765957446809, 'eval_accuracy': 0.969141663501709, 'eval_runtime': 2.0329, 'eval_samples_per_second': 764.904, 'eval_steps_per_second': 48.206, 'epoch': 5.0}
Lowercase test set F1: 54.13
{'eval_loss': 0.1680000275373459, 'eval_precision': 0.6791530944625407, 'eval_recall': 0.5180124223602485, 'eval_f1': 0.5877378435517971, 'eval_accuracy': 0.9697588302316749, 'eval_runtime': 2.9064, 'eval_samples_per_second': 535.027, 'eval_steps_per_second': 33.719, 'epoch': 5.0}
Uppercase test set F1: 58.77
================================================================================
XLM-R Data Augmented
================================================================================
Some weights of XLMRobertaForTokenClassification were not initialized from the model checkpoint at xlm-roberta-base and are newly initialized: ['classifier.bias', 'classifier.weight']
You should probably TRAIN this model on a down-stream task to be able to use it for predictions and inference.
TRAINING SET: TurkuNLP_fin
Some weights of XLMRobertaForTokenClassification were not initialized from the model checkpoint at xlm-roberta-base and are newly initialized: ['classifier.bias', 'classifier.weight']
You should probably TRAIN this model on a down-stream task to be able to use it for predictions and inference.
{'loss': 0.4139, 'grad_norm': 4.354848384857178, 'learning_rate': 9.659685863874346e-06, 'epoch': 0.6544502617801047}
{'eval_loss': 0.05316317453980446, 'eval_precision': 0.7636566332218506, 'eval_recall': 0.8303030303030303, 'eval_f1': 0.7955865272938444, 'eval_accuracy': 0.9850338649770592, 'eval_runtime': 2.0484, 'eval_samples_per_second': 665.893, 'eval_steps_per_second': 41.984, 'epoch': 1.0}
{'loss': 0.0843, 'grad_norm': 4.688424587249756, 'learning_rate': 8.205351948807448e-06, 'epoch': 1.3089005235602094}
{'loss': 0.066, 'grad_norm': 7.00455904006958, 'learning_rate': 6.751018033740547e-06, 'epoch': 1.9633507853403143}
{'eval_loss': 0.04406486451625824, 'eval_precision': 0.822429906542056, 'eval_recall': 0.8533333333333334, 'eval_f1': 0.8375966686496134, 'eval_accuracy': 0.9887480882674241, 'eval_runtime': 2.0715, 'eval_samples_per_second': 658.474, 'eval_steps_per_second': 41.517, 'epoch': 2.0}
{'loss': 0.0464, 'grad_norm': 2.2993061542510986, 'learning_rate': 5.2966841186736485e-06, 'epoch': 2.6178010471204187}
{'eval_loss': 0.043598152697086334, 'eval_precision': 0.844047619047619, 'eval_recall': 0.8593939393939394, 'eval_f1': 0.8516516516516516, 'eval_accuracy': 0.9896220231592746, 'eval_runtime': 2.0413, 'eval_samples_per_second': 668.187, 'eval_steps_per_second': 42.129, 'epoch': 3.0}
{'loss': 0.0414, 'grad_norm': 8.4369478225708, 'learning_rate': 3.842350203606748e-06, 'epoch': 3.2722513089005236}
{'loss': 0.0335, 'grad_norm': 4.239266395568848, 'learning_rate': 2.388016288539849e-06, 'epoch': 3.9267015706806285}
{'eval_loss': 0.04384252801537514, 'eval_precision': 0.8566265060240964, 'eval_recall': 0.8618181818181818, 'eval_f1': 0.8592145015105741, 'eval_accuracy': 0.9907144417740879, 'eval_runtime': 2.0492, 'eval_samples_per_second': 665.617, 'eval_steps_per_second': 41.967, 'epoch': 4.0}
{'loss': 0.027, 'grad_norm': 0.7044617533683777, 'learning_rate': 9.336823734729494e-07, 'epoch': 4.581151832460733}
{'eval_loss': 0.04599560797214508, 'eval_precision': 0.8604368932038835, 'eval_recall': 0.8593939393939394, 'eval_f1': 0.8599151000606429, 'eval_accuracy': 0.9904413371203845, 'eval_runtime': 2.0524, 'eval_samples_per_second': 664.6, 'eval_steps_per_second': 41.903, 'epoch': 5.0}
{'train_runtime': 601.6199, 'train_samples_per_second': 101.534, 'train_steps_per_second': 6.35, 'train_loss': 0.09568443423166324, 'epoch': 5.0}
TEST SET: TurkuNLP_fin
{'eval_loss': 0.030706092715263367, 'eval_precision': 0.8463356973995272, 'eval_recall': 0.8894409937888199, 'eval_f1': 0.8673531193216234, 'eval_accuracy': 0.9909323965058868, 'eval_runtime': 2.0546, 'eval_samples_per_second': 756.846, 'eval_steps_per_second': 47.698, 'epoch': 5.0}
Original test set F1: 86.74
{'eval_loss': 0.05133417621254921, 'eval_precision': 0.8049382716049382, 'eval_recall': 0.8099378881987578, 'eval_f1': 0.8074303405572755, 'eval_accuracy': 0.9868496012153437, 'eval_runtime': 2.0399, 'eval_samples_per_second': 762.296, 'eval_steps_per_second': 48.042, 'epoch': 5.0}
Lowercase test set F1: 80.74
{'eval_loss': 0.0818261206150055, 'eval_precision': 0.727741935483871, 'eval_recall': 0.7006211180124223, 'eval_f1': 0.7139240506329114, 'eval_accuracy': 0.9794436004557538, 'eval_runtime': 2.9, 'eval_samples_per_second': 536.202, 'eval_steps_per_second': 33.793, 'epoch': 5.0}
Uppercase test set F1: 71.39
================================================================================
XLM-R Baseline
================================================================================
Some weights of XLMRobertaForTokenClassification were not initialized from the model checkpoint at xlm-roberta-base and are newly initialized: ['classifier.bias', 'classifier.weight']
You should probably TRAIN this model on a down-stream task to be able to use it for predictions and inference.
TRAINING SET: MasakhaNER_2_zul
Some weights of XLMRobertaForTokenClassification were not initialized from the model checkpoint at xlm-roberta-base and are newly initialized: ['classifier.bias', 'classifier.weight']
You should probably TRAIN this model on a down-stream task to be able to use it for predictions and inference.
{'eval_loss': 0.1606532335281372, 'eval_precision': 0.6798283261802575, 'eval_recall': 0.822429906542056, 'eval_f1': 0.7443609022556391, 'eval_accuracy': 0.9574178935447338, 'eval_runtime': 1.4025, 'eval_samples_per_second': 596.087, 'eval_steps_per_second': 37.79, 'epoch': 1.0}
{'loss': 0.1917, 'grad_norm': 0.49564769864082336, 'learning_rate': 8.081360048573163e-05, 'epoch': 1.366120218579235}
{'eval_loss': 0.1429915428161621, 'eval_precision': 0.6846767050487157, 'eval_recall': 0.8026998961578401, 'eval_f1': 0.7390057361376673, 'eval_accuracy': 0.9593808984522462, 'eval_runtime': 1.4042, 'eval_samples_per_second': 595.338, 'eval_steps_per_second': 37.743, 'epoch': 2.0}
{'loss': 0.0454, 'grad_norm': 1.1735203266143799, 'learning_rate': 5.045537340619308e-05, 'epoch': 2.73224043715847}
{'eval_loss': 0.12803064286708832, 'eval_precision': 0.7906976744186046, 'eval_recall': 0.7414330218068536, 'eval_f1': 0.7652733118971061, 'eval_accuracy': 0.9631559078897697, 'eval_runtime': 1.4062, 'eval_samples_per_second': 594.496, 'eval_steps_per_second': 37.689, 'epoch': 3.0}
{'eval_loss': 0.18884454667568207, 'eval_precision': 0.7102539981185324, 'eval_recall': 0.7840083073727934, 'eval_f1': 0.7453109575518262, 'eval_accuracy': 0.9579463948659872, 'eval_runtime': 1.4253, 'eval_samples_per_second': 586.549, 'eval_steps_per_second': 37.186, 'epoch': 4.0}
{'loss': 0.0216, 'grad_norm': 1.6275074481964111, 'learning_rate': 2.0097146326654526e-05, 'epoch': 4.098360655737705}
{'eval_loss': 0.19226327538490295, 'eval_precision': 0.7455061494796594, 'eval_recall': 0.818276220145379, 'eval_f1': 0.7801980198019802, 'eval_accuracy': 0.9622499056247641, 'eval_runtime': 1.4072, 'eval_samples_per_second': 594.099, 'eval_steps_per_second': 37.664, 'epoch': 5.0}
{'train_runtime': 376.4183, 'train_samples_per_second': 77.68, 'train_steps_per_second': 4.862, 'train_loss': 0.0721260466862246, 'epoch': 5.0}
TEST SET: MasakhaNER_2_zul
{'eval_loss': 0.08848471194505692, 'eval_precision': 0.8320363164721142, 'eval_recall': 0.8028785982478097, 'eval_f1': 0.8171974522292994, 'eval_accuracy': 0.976884152418922, 'eval_runtime': 2.8409, 'eval_samples_per_second': 587.833, 'eval_steps_per_second': 36.96, 'epoch': 5.0}
Original test set F1: 81.72
{'eval_loss': 0.864201545715332, 'eval_precision': 0.7105263157894737, 'eval_recall': 0.016896120150187734, 'eval_f1': 0.03300733496332518, 'eval_accuracy': 0.9070382580694626, 'eval_runtime': 2.8325, 'eval_samples_per_second': 589.583, 'eval_steps_per_second': 37.07, 'epoch': 5.0}
Lowercase test set F1: 3.30
{'eval_loss': 0.4920779764652252, 'eval_precision': 0.38263665594855306, 'eval_recall': 0.07446808510638298, 'eval_f1': 0.12467260345730749, 'eval_accuracy': 0.9091850034501265, 'eval_runtime': 3.4066, 'eval_samples_per_second': 490.23, 'eval_steps_per_second': 30.823, 'epoch': 5.0}
Uppercase test set F1: 12.47
================================================================================
XLM-R Data Augmented
================================================================================
Some weights of XLMRobertaForTokenClassification were not initialized from the model checkpoint at xlm-roberta-base and are newly initialized: ['classifier.bias', 'classifier.weight']
You should probably TRAIN this model on a down-stream task to be able to use it for predictions and inference.
TRAINING SET: MasakhaNER_2_zul
Some weights of XLMRobertaForTokenClassification were not initialized from the model checkpoint at xlm-roberta-base and are newly initialized: ['classifier.bias', 'classifier.weight']
You should probably TRAIN this model on a down-stream task to be able to use it for predictions and inference.
{'loss': 0.3806, 'grad_norm': 6.238261699676514, 'learning_rate': 4.797810884767407e-05, 'epoch': 0.6839945280437757}
{'eval_loss': 0.13819578289985657, 'eval_precision': 0.69106463878327, 'eval_recall': 0.754932502596054, 'eval_f1': 0.7215880893300248, 'eval_accuracy': 0.954397885994715, 'eval_runtime': 1.4083, 'eval_samples_per_second': 593.621, 'eval_steps_per_second': 37.634, 'epoch': 1.0}
{'loss': 0.1408, 'grad_norm': 2.013698101043701, 'learning_rate': 4.037701429005777e-05, 'epoch': 1.3679890560875512}
{'eval_loss': 0.16470731794834137, 'eval_precision': 0.689908256880734, 'eval_recall': 0.7808930425752856, 'eval_f1': 0.7325864588407208, 'eval_accuracy': 0.9550018875047188, 'eval_runtime': 1.4069, 'eval_samples_per_second': 594.215, 'eval_steps_per_second': 37.672, 'epoch': 2.0}
{'loss': 0.1036, 'grad_norm': 2.8612518310546875, 'learning_rate': 3.2775919732441476e-05, 'epoch': 2.0519835841313268}
{'loss': 0.0641, 'grad_norm': 0.5465100407600403, 'learning_rate': 2.5174825174825178e-05, 'epoch': 2.7359781121751023}
{'eval_loss': 0.21640746295452118, 'eval_precision': 0.6831050228310502, 'eval_recall': 0.7767393561786086, 'eval_f1': 0.7269193391642372, 'eval_accuracy': 0.9556058890147225, 'eval_runtime': 1.4123, 'eval_samples_per_second': 591.954, 'eval_steps_per_second': 37.528, 'epoch': 3.0}
{'loss': 0.0412, 'grad_norm': 2.739431858062744, 'learning_rate': 1.7573730617208876e-05, 'epoch': 3.4199726402188784}
{'eval_loss': 0.19926157593727112, 'eval_precision': 0.7404580152671756, 'eval_recall': 0.8058151609553479, 'eval_f1': 0.7717553455992043, 'eval_accuracy': 0.9596073990184976, 'eval_runtime': 1.4135, 'eval_samples_per_second': 591.442, 'eval_steps_per_second': 37.496, 'epoch': 4.0}
{'loss': 0.0278, 'grad_norm': 5.7731170654296875, 'learning_rate': 9.972636059592581e-06, 'epoch': 4.1039671682626535}
{'loss': 0.0174, 'grad_norm': 0.37498000264167786, 'learning_rate': 2.3715415019762844e-06, 'epoch': 4.7879616963064295}
{'eval_loss': 0.2221737951040268, 'eval_precision': 0.7516973811833172, 'eval_recall': 0.8047767393561787, 'eval_f1': 0.777331995987964, 'eval_accuracy': 0.9597583993959985, 'eval_runtime': 1.4069, 'eval_samples_per_second': 594.215, 'eval_steps_per_second': 37.672, 'epoch': 5.0}
{'train_runtime': 449.7321, 'train_samples_per_second': 65.016, 'train_steps_per_second': 8.127, 'train_loss': 0.10675777978023002, 'epoch': 5.0}
TEST SET: MasakhaNER_2_zul
{'eval_loss': 0.11405860632658005, 'eval_precision': 0.7122093023255814, 'eval_recall': 0.7665832290362954, 'eval_f1': 0.7383966244725739, 'eval_accuracy': 0.9663804339492448, 'eval_runtime': 2.8623, 'eval_samples_per_second': 583.443, 'eval_steps_per_second': 36.684, 'epoch': 5.0}
Original test set F1: 73.84
{'eval_loss': 0.24832256138324738, 'eval_precision': 0.6490134994807892, 'eval_recall': 0.3911138923654568, 'eval_f1': 0.48809058961343216, 'eval_accuracy': 0.9426128958061796, 'eval_runtime': 2.8201, 'eval_samples_per_second': 592.17, 'eval_steps_per_second': 37.232, 'epoch': 5.0}
Lowercase test set F1: 48.81
{'eval_loss': 0.2858152389526367, 'eval_precision': 0.607773851590106, 'eval_recall': 0.32290362953692114, 'eval_f1': 0.42174090723334695, 'eval_accuracy': 0.9367476807482941, 'eval_runtime': 3.4291, 'eval_samples_per_second': 487.008, 'eval_steps_per_second': 30.62, 'epoch': 5.0}
Uppercase test set F1: 42.17
