================================================================================
XLM-R Baseline
================================================================================
Some weights of XLMRobertaForTokenClassification were not initialized from the model checkpoint at xlm-roberta-base and are newly initialized: ['classifier.bias', 'classifier.weight']
You should probably TRAIN this model on a down-stream task to be able to use it for predictions and inference.
TRAINING SET: eriktks/conll2003
Some weights of XLMRobertaForTokenClassification were not initialized from the model checkpoint at xlm-roberta-base and are newly initialized: ['classifier.bias', 'classifier.weight']
You should probably TRAIN this model on a down-stream task to be able to use it for predictions and inference.
{'loss': 0.291, 'grad_norm': 4.730123519897461, 'learning_rate': 4.924069855732726e-05, 'epoch': 0.5694760820045558}
{'eval_loss': 0.04186975210905075, 'eval_precision': 0.9311899627524015, 'eval_recall': 0.9462151394422311, 'eval_f1': 0.9386424266376839, 'eval_accuracy': 0.9898368443596434, 'eval_runtime': 4.144, 'eval_samples_per_second': 784.26, 'eval_steps_per_second': 49.227, 'epoch': 1.0}
{'loss': 0.0577, 'grad_norm': 2.1998867988586426, 'learning_rate': 4.291318653505442e-05, 'epoch': 1.1389521640091116}
{'loss': 0.0381, 'grad_norm': 1.8480641841888428, 'learning_rate': 3.6585674512781576e-05, 'epoch': 1.7084282460136673}
{'eval_loss': 0.037077322602272034, 'eval_precision': 0.9406528189910979, 'eval_recall': 0.9472111553784861, 'eval_f1': 0.9439205955334988, 'eval_accuracy': 0.9904793427047234, 'eval_runtime': 4.0938, 'eval_samples_per_second': 793.892, 'eval_steps_per_second': 49.832, 'epoch': 2.0}
{'loss': 0.0262, 'grad_norm': 6.499929428100586, 'learning_rate': 3.0258162490508733e-05, 'epoch': 2.277904328018223}
{'loss': 0.021, 'grad_norm': 1.9930124282836914, 'learning_rate': 2.393065046823589e-05, 'epoch': 2.847380410022779}
{'eval_loss': 0.03661167249083519, 'eval_precision': 0.9473373943800354, 'eval_recall': 0.9603585657370518, 'eval_f1': 0.9538035413987536, 'eval_accuracy': 0.9923678984463222, 'eval_runtime': 4.1036, 'eval_samples_per_second': 791.989, 'eval_steps_per_second': 49.713, 'epoch': 3.0}
{'loss': 0.0122, 'grad_norm': 2.650832176208496, 'learning_rate': 1.7603138445963048e-05, 'epoch': 3.416856492027335}
{'loss': 0.0099, 'grad_norm': 15.058735847473145, 'learning_rate': 1.1275626423690206e-05, 'epoch': 3.9863325740318905}
{'eval_loss': 0.03658342733979225, 'eval_precision': 0.9518811881188118, 'eval_recall': 0.9575697211155378, 'eval_f1': 0.9547169811320754, 'eval_accuracy': 0.9922900198590398, 'eval_runtime': 4.1114, 'eval_samples_per_second': 790.476, 'eval_steps_per_second': 49.618, 'epoch': 4.0}
{'loss': 0.0054, 'grad_norm': 2.7043964862823486, 'learning_rate': 4.948114401417363e-06, 'epoch': 4.555808656036446}
{'eval_loss': 0.037005119025707245, 'eval_precision': 0.9507292077256603, 'eval_recall': 0.9609561752988047, 'eval_f1': 0.9558153358430752, 'eval_accuracy': 0.9926988824422724, 'eval_runtime': 4.101, 'eval_samples_per_second': 792.499, 'eval_steps_per_second': 49.745, 'epoch': 5.0}
{'train_runtime': 573.4721, 'train_samples_per_second': 122.421, 'train_steps_per_second': 7.655, 'train_loss': 0.053019488971162765, 'epoch': 5.0}
TEST SET: Tweebank_eng
{'eval_loss': 0.1268133670091629, 'eval_precision': 0.6245674740484429, 'eval_recall': 0.6378091872791519, 'eval_f1': 0.6311188811188811, 'eval_accuracy': 0.9765907305577376, 'eval_runtime': 1.4232, 'eval_samples_per_second': 843.857, 'eval_steps_per_second': 53.4, 'epoch': 5.0}
Original test set F1: 63.11
{'eval_loss': 0.2785102427005768, 'eval_precision': 0.6804733727810651, 'eval_recall': 0.20318021201413428, 'eval_f1': 0.3129251700680272, 'eval_accuracy': 0.9664310028803351, 'eval_runtime': 1.4239, 'eval_samples_per_second': 843.435, 'eval_steps_per_second': 53.373, 'epoch': 5.0}
Lowercase test set F1: 31.29
{'eval_loss': 0.18424293398857117, 'eval_precision': 0.35294117647058826, 'eval_recall': 0.3710247349823322, 'eval_f1': 0.36175710594315247, 'eval_accuracy': 0.9603037444357162, 'eval_runtime': 1.6823, 'eval_samples_per_second': 713.896, 'eval_steps_per_second': 45.176, 'epoch': 5.0}
Uppercase test set F1: 36.18
================================================================================
XLM-R Data Augmented
================================================================================
Some weights of XLMRobertaForTokenClassification were not initialized from the model checkpoint at xlm-roberta-base and are newly initialized: ['classifier.bias', 'classifier.weight']
You should probably TRAIN this model on a down-stream task to be able to use it for predictions and inference.
TRAINING SET: eriktks/conll2003
Some weights of XLMRobertaForTokenClassification were not initialized from the model checkpoint at xlm-roberta-base and are newly initialized: ['classifier.bias', 'classifier.weight']
You should probably TRAIN this model on a down-stream task to be able to use it for predictions and inference.
/home/ldial/envs/cosi124a-3.9/lib/python3.9/site-packages/seqeval/metrics/v1.py:57: UndefinedMetricWarning: Precision and F-score are ill-defined and being set to 0.0 in labels with no predicted samples. Use `zero_division` parameter to control this behavior.
  _warn_prf(average, modifier, msg_start, len(result))
{'eval_loss': 0.4480644464492798, 'eval_precision': 0.13189568706118354, 'eval_recall': 0.1047808764940239, 'eval_f1': 0.11678507992895203, 'eval_accuracy': 0.8843113585919551, 'eval_runtime': 4.2231, 'eval_samples_per_second': 769.583, 'eval_steps_per_second': 48.306, 'epoch': 1.0}
{'eval_loss': 0.27152568101882935, 'eval_precision': 0.5790076960864582, 'eval_recall': 0.7043824701195219, 'eval_f1': 0.6355711332794105, 'eval_accuracy': 0.941493711304077, 'eval_runtime': 4.0866, 'eval_samples_per_second': 795.284, 'eval_steps_per_second': 49.919, 'epoch': 2.0}
{'eval_loss': 0.2346557378768921, 'eval_precision': 0.6397353299669163, 'eval_recall': 0.7318725099601594, 'eval_f1': 0.682709281798755, 'eval_accuracy': 0.9466726373583583, 'eval_runtime': 4.0634, 'eval_samples_per_second': 799.83, 'eval_steps_per_second': 50.205, 'epoch': 3.0}
{'eval_loss': 0.2226022630929947, 'eval_precision': 0.6344962504075644, 'eval_recall': 0.7752988047808765, 'eval_f1': 0.6978662363277749, 'eval_accuracy': 0.9460885479537401, 'eval_runtime': 4.0882, 'eval_samples_per_second': 794.973, 'eval_steps_per_second': 49.9, 'epoch': 4.0}
{'loss': 0.1375, 'grad_norm': 0.2015177458524704, 'learning_rate': 1.7278617710583156e-06, 'epoch': 4.854368932038835}
{'eval_loss': 0.23087435960769653, 'eval_precision': 0.6823882706235648, 'eval_recall': 0.7695219123505976, 'eval_f1': 0.7233405111880912, 'eval_accuracy': 0.952922393987773, 'eval_runtime': 4.0703, 'eval_samples_per_second': 798.46, 'eval_steps_per_second': 50.119, 'epoch': 5.0}
{'train_runtime': 258.3703, 'train_samples_per_second': 31.718, 'train_steps_per_second': 1.993, 'train_loss': 0.13421502153850295, 'epoch': 5.0}
TEST SET: Tweebank_eng
{'eval_loss': 0.08037077635526657, 'eval_precision': 0.5835579514824798, 'eval_recall': 0.765017667844523, 'eval_f1': 0.6620795107033639, 'eval_accuracy': 0.9765907305577376, 'eval_runtime': 1.4214, 'eval_samples_per_second': 844.953, 'eval_steps_per_second': 53.469, 'epoch': 5.0}
Original test set F1: 66.21
{'eval_loss': 0.09449230134487152, 'eval_precision': 0.5638766519823789, 'eval_recall': 0.6784452296819788, 'eval_f1': 0.615878107457899, 'eval_accuracy': 0.9744435716156061, 'eval_runtime': 1.418, 'eval_samples_per_second': 846.963, 'eval_steps_per_second': 53.596, 'epoch': 5.0}
Lowercase test set F1: 61.59
{'eval_loss': 0.11829380691051483, 'eval_precision': 0.5146579804560261, 'eval_recall': 0.558303886925795, 'eval_f1': 0.535593220338983, 'eval_accuracy': 0.9697302958889762, 'eval_runtime': 1.6538, 'eval_samples_per_second': 726.19, 'eval_steps_per_second': 45.954, 'epoch': 5.0}
Uppercase test set F1: 53.56
================================================================================
XLM-R Baseline
================================================================================
Some weights of XLMRobertaForTokenClassification were not initialized from the model checkpoint at xlm-roberta-base and are newly initialized: ['classifier.bias', 'classifier.weight']
You should probably TRAIN this model on a down-stream task to be able to use it for predictions and inference.
TRAINING SET: eriktks/conll2003
Some weights of XLMRobertaForTokenClassification were not initialized from the model checkpoint at xlm-roberta-base and are newly initialized: ['classifier.bias', 'classifier.weight']
You should probably TRAIN this model on a down-stream task to be able to use it for predictions and inference.
{'loss': 0.291, 'grad_norm': 4.730123519897461, 'learning_rate': 4.924069855732726e-05, 'epoch': 0.5694760820045558}
{'eval_loss': 0.04186975210905075, 'eval_precision': 0.9311899627524015, 'eval_recall': 0.9462151394422311, 'eval_f1': 0.9386424266376839, 'eval_accuracy': 0.9898368443596434, 'eval_runtime': 4.2248, 'eval_samples_per_second': 769.262, 'eval_steps_per_second': 48.286, 'epoch': 1.0}
{'loss': 0.0577, 'grad_norm': 2.1998867988586426, 'learning_rate': 4.291318653505442e-05, 'epoch': 1.1389521640091116}
{'loss': 0.0381, 'grad_norm': 1.8480641841888428, 'learning_rate': 3.6585674512781576e-05, 'epoch': 1.7084282460136673}
{'eval_loss': 0.037077341228723526, 'eval_precision': 0.9406528189910979, 'eval_recall': 0.9472111553784861, 'eval_f1': 0.9439205955334988, 'eval_accuracy': 0.9904793427047234, 'eval_runtime': 4.0872, 'eval_samples_per_second': 795.167, 'eval_steps_per_second': 49.912, 'epoch': 2.0}
{'loss': 0.0261, 'grad_norm': 4.163015365600586, 'learning_rate': 3.0258162490508733e-05, 'epoch': 2.277904328018223}
{'loss': 0.0201, 'grad_norm': 0.36392760276794434, 'learning_rate': 2.393065046823589e-05, 'epoch': 2.847380410022779}
{'eval_loss': 0.03393225744366646, 'eval_precision': 0.9454152758688396, 'eval_recall': 0.9591633466135459, 'eval_f1': 0.9522396914862058, 'eval_accuracy': 0.9923289591526809, 'eval_runtime': 4.0944, 'eval_samples_per_second': 793.77, 'eval_steps_per_second': 49.824, 'epoch': 3.0}
{'loss': 0.0119, 'grad_norm': 0.3960813879966736, 'learning_rate': 1.7603138445963048e-05, 'epoch': 3.416856492027335}
{'loss': 0.01, 'grad_norm': 0.3161875605583191, 'learning_rate': 1.1275626423690206e-05, 'epoch': 3.9863325740318905}
{'eval_loss': 0.036728162318468094, 'eval_precision': 0.9520047402725657, 'eval_recall': 0.9601593625498008, 'eval_f1': 0.9560646632946544, 'eval_accuracy': 0.9926404735018107, 'eval_runtime': 4.0908, 'eval_samples_per_second': 794.464, 'eval_steps_per_second': 49.868, 'epoch': 4.0}
{'loss': 0.0055, 'grad_norm': 0.9554092884063721, 'learning_rate': 4.948114401417363e-06, 'epoch': 4.555808656036446}
{'eval_loss': 0.03297460451722145, 'eval_precision': 0.9486725663716814, 'eval_recall': 0.9609561752988047, 'eval_f1': 0.9547748639287481, 'eval_accuracy': 0.9931077450255053, 'eval_runtime': 4.1073, 'eval_samples_per_second': 791.276, 'eval_steps_per_second': 49.668, 'epoch': 5.0}
{'train_runtime': 570.4648, 'train_samples_per_second': 123.066, 'train_steps_per_second': 7.695, 'train_loss': 0.05294286558459723, 'epoch': 5.0}
TEST SET: WNUT17_eng
{'eval_loss': 0.25700709223747253, 'eval_precision': 0.483996120271581, 'eval_recall': 0.6160493827160494, 'eval_f1': 0.5420966865833786, 'eval_accuracy': 0.9606736770111994, 'eval_runtime': 2.224, 'eval_samples_per_second': 578.694, 'eval_steps_per_second': 36.421, 'epoch': 5.0}
Original test set F1: 54.21
{'eval_loss': 0.37079769372940063, 'eval_precision': 0.5126903553299492, 'eval_recall': 0.24938271604938272, 'eval_f1': 0.33554817275747506, 'eval_accuracy': 0.957211250748055, 'eval_runtime': 2.1907, 'eval_samples_per_second': 587.475, 'eval_steps_per_second': 36.974, 'epoch': 5.0}
Lowercase test set F1: 33.55
{'eval_loss': 0.3088934123516083, 'eval_precision': 0.26571428571428574, 'eval_recall': 0.34444444444444444, 'eval_f1': 0.30000000000000004, 'eval_accuracy': 0.9436607677182184, 'eval_runtime': 2.7312, 'eval_samples_per_second': 471.216, 'eval_steps_per_second': 29.657, 'epoch': 5.0}
Uppercase test set F1: 30.00
================================================================================
XLM-R Data Augmented
================================================================================
Some weights of XLMRobertaForTokenClassification were not initialized from the model checkpoint at xlm-roberta-base and are newly initialized: ['classifier.bias', 'classifier.weight']
You should probably TRAIN this model on a down-stream task to be able to use it for predictions and inference.
TRAINING SET: eriktks/conll2003
Some weights of XLMRobertaForTokenClassification were not initialized from the model checkpoint at xlm-roberta-base and are newly initialized: ['classifier.bias', 'classifier.weight']
You should probably TRAIN this model on a down-stream task to be able to use it for predictions and inference.
{'eval_loss': 0.29227134585380554, 'eval_precision': 0.5836169729975039, 'eval_recall': 0.5123505976095617, 'eval_f1': 0.5456667020260952, 'eval_accuracy': 0.9257232973793855, 'eval_runtime': 4.1201, 'eval_samples_per_second': 788.814, 'eval_steps_per_second': 49.513, 'epoch': 1.0}
{'eval_loss': 0.23909641802310944, 'eval_precision': 0.5851997849847698, 'eval_recall': 0.6505976095617529, 'eval_f1': 0.6161682860107536, 'eval_accuracy': 0.935107667146918, 'eval_runtime': 4.0776, 'eval_samples_per_second': 797.042, 'eval_steps_per_second': 50.03, 'epoch': 2.0}
{'loss': 0.1692, 'grad_norm': 1.51517915725708, 'learning_rate': 2.9540709812108564e-05, 'epoch': 2.347417840375587}
{'eval_loss': 0.18431785702705383, 'eval_precision': 0.7124098390974662, 'eval_recall': 0.7673306772908367, 'eval_f1': 0.7388510597487292, 'eval_accuracy': 0.9537401191542385, 'eval_runtime': 4.0879, 'eval_samples_per_second': 795.025, 'eval_steps_per_second': 49.903, 'epoch': 3.0}
{'eval_loss': 0.22080007195472717, 'eval_precision': 0.7073948948948949, 'eval_recall': 0.750796812749004, 'eval_f1': 0.7284499420177813, 'eval_accuracy': 0.951442700829407, 'eval_runtime': 4.0574, 'eval_samples_per_second': 801.007, 'eval_steps_per_second': 50.279, 'epoch': 4.0}
{'loss': 0.0313, 'grad_norm': 0.45386698842048645, 'learning_rate': 3.444676409185804e-06, 'epoch': 4.694835680751174}
{'eval_loss': 0.23237669467926025, 'eval_precision': 0.7087557603686636, 'eval_recall': 0.7659362549800797, 'eval_f1': 0.736237434179033, 'eval_accuracy': 0.9529029243409525, 'eval_runtime': 4.0922, 'eval_samples_per_second': 794.188, 'eval_steps_per_second': 49.851, 'epoch': 5.0}
{'train_runtime': 289.7148, 'train_samples_per_second': 58.575, 'train_steps_per_second': 3.676, 'train_loss': 0.09516098017983593, 'epoch': 5.0}
TEST SET: WNUT17_eng
{'eval_loss': 0.15059907734394073, 'eval_precision': 0.6228571428571429, 'eval_recall': 0.5382716049382716, 'eval_f1': 0.5774834437086093, 'eval_accuracy': 0.9689664016414465, 'eval_runtime': 2.2012, 'eval_samples_per_second': 584.676, 'eval_steps_per_second': 36.798, 'epoch': 5.0}
Original test set F1: 57.75
{'eval_loss': 0.17714127898216248, 'eval_precision': 0.5571658615136876, 'eval_recall': 0.4271604938271605, 'eval_f1': 0.4835779175401817, 'eval_accuracy': 0.9650337693425665, 'eval_runtime': 2.1953, 'eval_samples_per_second': 586.262, 'eval_steps_per_second': 36.898, 'epoch': 5.0}
Lowercase test set F1: 48.36
{'eval_loss': 0.1977812945842743, 'eval_precision': 0.48134991119005327, 'eval_recall': 0.3345679012345679, 'eval_f1': 0.3947560087399855, 'eval_accuracy': 0.9598615029494743, 'eval_runtime': 2.7044, 'eval_samples_per_second': 475.892, 'eval_steps_per_second': 29.951, 'epoch': 5.0}
Uppercase test set F1: 39.48
Done!
